// Jest Snapshot v1, https://goo.gl/fbAQLP

exports[`NavLinks tests should render NavLinks component 1`] = `
<Fragment>
  <NavList
    className=""
    variant="default"
  >
    <NavExpandable
      className=""
      groupId="grp-1"
      id=""
      isActive={true}
      isExpanded={true}
      srText=""
      title="Modules"
    >
      <NavItem
        className=""
        groupId="grp-1"
        isActive={true}
        itemId="grp-1_itm-1"
        onClick={null}
        preventDefault={false}
        to=""
      >
        <Link
          to="/search"
        >
          Search
        </Link>
      </NavItem>
    </NavExpandable>
  </NavList>
</Fragment>
`;
