// Jest Snapshot v1, https://goo.gl/fbAQLP

exports[`ModuleDisplay tests should render ModuleDisplay component 1`] = `
<Fragment>
  <div>
    <Breadcrumb>
      <BreadcrumbItem
        to="#"
      >
        Modules
      </BreadcrumbItem>
      <BreadcrumbItem
        isActive={true}
        to="#"
      >
        Red Hat Enterprise Linux
      </BreadcrumbItem>
    </Breadcrumb>
  </div>
  <div>
    <Level
      gutter="md"
    >
      <LevelItem>
        <TextContent>
          <Text
            component="h1"
          >
            Red Hat Enterprise Linux
              
            <Tooltip
              appendTo={[Function]}
              aria="describedby"
              boundary="window"
              className=""
              content={
                <div>
                  Title updated in latest revision
                </div>
              }
              distance={15}
              enableFlip={true}
              entryDelay={500}
              exitDelay={500}
              flipBehavior={
                Array [
                  "top",
                  "right",
                  "bottom",
                  "left",
                  "top",
                  "right",
                  "bottom",
                ]
              }
              isAppLauncher={false}
              maxWidth="18.75rem"
              position="right"
              trigger="mouseenter focus"
              zIndex={9999}
            >
              <span>
                <HelpIcon
                  color="currentColor"
                  noVerticalAlign={false}
                  size="sm"
                  title={null}
                />
              </span>
            </Tooltip>
          </Text>
        </TextContent>
      </LevelItem>
    </Level>
  </div>
  <div>
    <a
      href="http://access.redhat.com"
    >
      View on Customer Portal
    </a>
  </div>
  <div>
    <DataList
      aria-label="single action data list example "
    >
      <DataListItem
        aria-labelledby="simple-item1"
      >
        <DataListItemRow
          id="data-rows-header"
        >
          <DataListItemCells
            dataListCells={
              Array [
                <DataListCell
                  width={2}
                >
                  <span
                    className="sp-prop-nosort"
                    id="span-source-type"
                  >
                    Products
                  </span>
                </DataListCell>,
                <DataListCell>
                  <span
                    className="sp-prop-nosort"
                    id="span-source-type"
                  >
                    Published
                  </span>
                </DataListCell>,
                <DataListCell>
                  <span
                    className="sp-prop-nosort"
                    id="span-source-type"
                  >
                    Draft Uploaded
                  </span>
                </DataListCell>,
                <DataListCell>
                  <span
                    className="sp-prop-nosort"
                    id="span-source-name"
                  >
                    Module Type
                  </span>
                </DataListCell>,
              ]
            }
          />
        </DataListItemRow>
        <DataListItemRow>
          <DataListItemCells
            dataListCells={
              Array [
                <DataListCell
                  width={2}
                >
                  <span>
                    Dummy Product Name
                  </span>
                </DataListCell>,
                <DataListCell>
                  <span>
                    
                  </span>
                </DataListCell>,
                <DataListCell>
                  <span>
                    
                  </span>
                </DataListCell>,
                <DataListCell>
                  <span>
                    REFERENCE
                  </span>
                </DataListCell>,
              ]
            }
          />
        </DataListItemRow>
        ))}
      </DataListItem>
    </DataList>
  </div>
  <div>
    <Card>
      <Revisions
        draftUpdateDate={[Function]}
        modulePath="module/red_hat_enterprise_linux"
        releaseUpdateDate={[Function]}
        revisionModulePath="Red Hat Enterprise Linux"
      />
    </Card>
  </div>
</Fragment>
`;
