// Jest Snapshot v1, https://goo.gl/fbAQLP

exports[`Tests for Pagination should render Pagination component 1`] = `
<Fragment>
  <Level
    className=""
    gutter="md"
  >
    <LevelItem />
    <LevelItem />
    <LevelItem>
      <nav
        aria-label="Countries Pagination"
      >
        <div>
          <div
            className="example"
          >
            <div
              className="ws-preview"
            >
              <div
                className="pf-c-pagination"
                id="pagination-options-menu-top"
              >
                <div
                  className="pf-c-dropdown"
                >
                  <div
                    className="pf-c-options-menu__toggle pf-m-plain pf-m-text"
                  >
                    Showing 
                    <ContextSelector
                      className=""
                      isOpen={false}
                      onSearchButtonClick={[Function]}
                      onSearchInputChange={[Function]}
                      onSelect={[Function]}
                      onToggle={[Function]}
                      screenReaderLabel="Selected Project:"
                      searchButtonAriaLabel="Search menu items"
                      searchInputPlaceholder="Search"
                      searchInputValue=""
                      toggleText="10 items per page"
                    >
                      <ContextSelectorItem
                        className=""
                        isDisabled={false}
                        isHovered={false}
                        key="0"
                        onClick={[Function]}
                      >
                        10 items per page
                      </ContextSelectorItem>
                      <ContextSelectorItem
                        className=""
                        isDisabled={false}
                        isHovered={false}
                        key="1"
                        onClick={[Function]}
                      >
                        20 items per page
                      </ContextSelectorItem>
                      <ContextSelectorItem
                        className=""
                        isDisabled={false}
                        isHovered={false}
                        key="2"
                        onClick={[Function]}
                      >
                        25 items per page
                      </ContextSelectorItem>
                      <ContextSelectorItem
                        className=""
                        isDisabled={false}
                        isHovered={false}
                        key="3"
                        onClick={[Function]}
                      >
                        50 items per page
                      </ContextSelectorItem>
                      <ContextSelectorItem
                        className=""
                        isDisabled={false}
                        isHovered={false}
                        key="4"
                        onClick={[Function]}
                      >
                        75 items per page
                      </ContextSelectorItem>
                      <ContextSelectorItem
                        className=""
                        isDisabled={false}
                        isHovered={false}
                        key="5"
                        onClick={[Function]}
                      >
                        100 items per page
                      </ContextSelectorItem>
                      <ContextSelectorItem
                        className=""
                        isDisabled={false}
                        isHovered={false}
                        key="6"
                        onClick={[Function]}
                      >
                        200 items per page
                      </ContextSelectorItem>
                      <ContextSelectorItem
                        className=""
                        isDisabled={false}
                        isHovered={false}
                        key="7"
                        onClick={[Function]}
                      >
                        500 items per page
                      </ContextSelectorItem>
                    </ContextSelector>
                    <button
                      aria-label="Go to first page"
                      className="pf-c-button pf-m-plain"
                      data-action="first"
                      disabled={true}
                      onClick={[Function]}
                      type="button"
                    >
                      <svg
                        aria-hidden="true"
                        fill="currentColor"
                        height="1em"
                        role="img"
                        viewBox="0 0 448 512"
                        width="1em"
                      >
                        <path
                          d="M223.7 239l136-136c9.4-9.4 24.6-9.4 33.9 0l22.6 22.6c9.4 9.4 9.4 24.6 0 33.9L319.9 256l96.4 96.4c9.4 9.4 9.4 24.6 0 33.9L393.7 409c-9.4 9.4-24.6 9.4-33.9 0l-136-136c-9.5-9.4-9.5-24.6-.1-34zm-192 34l136 136c9.4 9.4 24.6 9.4 33.9 0l22.6-22.6c9.4-9.4 9.4-24.6 0-33.9L127.9 256l96.4-96.4c9.4-9.4 9.4-24.6 0-33.9L201.7 103c-9.4-9.4-24.6-9.4-33.9 0l-136 136c-9.5 9.4-9.5 24.6-.1 34z"
                          transform=""
                        />
                      </svg>
                    </button>
                    <button
                      aria-label="Go to previous page"
                      className="pf-c-button pf-m-plain"
                      data-action="previous"
                      disabled={true}
                      onClick={[Function]}
                      type="button"
                    >
                      <svg
                        aria-hidden="true"
                        fill="currentColor"
                        height="1em"
                        role="img"
                        viewBox="0 0 256 512"
                        width="1em"
                      >
                        <path
                          d="M31.7 239l136-136c9.4-9.4 24.6-9.4 33.9 0l22.6 22.6c9.4 9.4 9.4 24.6 0 33.9L127.9 256l96.4 96.4c9.4 9.4 9.4 24.6 0 33.9L201.7 409c-9.4 9.4-24.6 9.4-33.9 0l-136-136c-9.5-9.4-9.5-24.6-.1-34z"
                          transform=""
                        />
                      </svg>
                    </button>
                    Page No: 
                    1
                    <button
                      aria-label="Go to next page"
                      className="pf-c-button pf-m-plain"
                      data-action="next"
                      disabled={false}
                      onClick={[Function]}
                      type="button"
                    >
                      <svg
                        aria-hidden="true"
                        fill="currentColor"
                        height="1em"
                        role="img"
                        viewBox="0 0 256 512"
                        width="1em"
                      >
                        <path
                          d="M224.3 273l-136 136c-9.4 9.4-24.6 9.4-33.9 0l-22.6-22.6c-9.4-9.4-9.4-24.6 0-33.9l96.4-96.4-96.4-96.4c-9.4-9.4-9.4-24.6 0-33.9L54.3 103c9.4-9.4 24.6-9.4 33.9 0l136 136c9.5 9.4 9.5 24.6.1 34z"
                          transform=""
                        />
                      </svg>
                    </button>
                  </div>
                </div>
              </div>
            </div>
          </div>
        </div>
      </nav>
    </LevelItem>
  </Level>
</Fragment>
`;
