// Jest Snapshot v1, https://goo.gl/fbAQLP

exports[`Revisions tests should render Revisions component 1`] = `
<Fragment>
  <Card>
    <div>
      <DataList
        aria-label="Simple data list example"
      >
        <DataListItem
          aria-labelledby="simple-item1"
          isExpanded={true}
        >
          <DataListItemRow
            id="data-rows-header"
          >
            <DataListToggle
              aria-controls="width-ex3-expand1"
              id="width-ex3-toggle1"
              isExpanded={true}
              onClick={[Function]}
            />
            <DataListItemCells
              dataListCells={
                Array [
                  <DataListCell>
                    <span
                      className="sp-prop-nosort"
                      id="span-source-type"
                    >
                      Revision
                    </span>
                  </DataListCell>,
                  <DataListCell>
                    <span
                      className="sp-prop-nosort"
                      id="span-source-type"
                    >
                      Published
                    </span>
                  </DataListCell>,
                  <DataListCell>
                    <span
                      className="sp-prop-nosort"
                      id="span-source-type"
                    >
                      Draft Uploaded
                    </span>
                  </DataListCell>,
                  <DataListCell>
                    <span
                      className="sp-prop-nosort"
                      id="span-source-name"
                    />
                  </DataListCell>,
                  <DataListCell>
                    <span
                      className="sp-prop-nosort"
                      id="span-source-name"
                    />
                  </DataListCell>,
                ]
              }
            />
          </DataListItemRow>
        </DataListItem>
        <DataListContent
          aria-label="Secondary Content Details"
          id="Content"
          isHidden={false}
          noPadding={true}
        />
      </DataList>
    </div>
  </Card>
</Fragment>
`;

exports[`Revisions tests test changePublishState function 1`] = `undefined`;

exports[`Revisions tests test fetchRevisions function 1`] = `undefined`;

exports[`Revisions tests test onArchiveSelect function 1`] = `undefined`;

exports[`Revisions tests test onHeadingToggle function 1`] = `undefined`;
