// Jest Snapshot v1, https://goo.gl/fbAQLP

exports[`Brand tests should render Brand component 1`] = `
<Fragment>
  <Link
    to="/search"
  >
    <div
      className="logo"
    >
      <img
        alt="Pantheon"
        src="test-file-stub"
        width={220}
      />
    </div>
  </Link>
</Fragment>
`;
