// Jest Snapshot v1, https://goo.gl/fbAQLP

exports[`User tests should render User component 1`] = `
<Fragment>
  <Link
    onClick={[Function]}
    to="/login"
  >
    Log In
  </Link>
</Fragment>
`;

exports[`User tests test componentDidMount function 1`] = `[Function]`;

exports[`User tests test conditionalRedirect function 1`] = `undefined`;

exports[`User tests test render function 1`] = `[Function]`;
