// Jest Snapshot v1, https://goo.gl/fbAQLP

exports[`User tests should render User component 1`] = `
<Fragment>
  <div
    className="column-view"
  >
    <Link
      onClick={[Function]}
      to="/login"
    >
      Log In
    </Link>
    <Link
      onClick={[Function]}
      to=""
    />
    <div />
  </div>
</Fragment>
`;
