// Jest Snapshot v1, https://goo.gl/fbAQLP

exports[`Login tests should render Login component 1`] = `
<Fragment>
  <Bullseye>
    <div
      className="app-container"
    >
      <div>
        <FormGroup
          fieldId="repository-url"
          label="Repository URL"
        >
          <TextInput
            aria-label={null}
            className=""
            id="repository-url"
            isDisabled={false}
            isReadOnly={false}
            isRequired={false}
            isValid={true}
            onChange={[Function]}
            placeholder="Repository"
            type="text"
            value=""
          />
        </FormGroup>
        <br />
        <FormGroup
          fieldId="branch-name"
          label="Branch"
        >
          <TextInput
            aria-label={null}
            className=""
            id="branch-name"
            isDisabled={false}
            isReadOnly={false}
            isRequired={false}
            isValid={true}
            onChange={[Function]}
            placeholder="Branch"
            type="text"
            value=""
          />
        </FormGroup>
        <br />
        <Component
          aria-label="Submit the repository and branch information to the git integration service."
          onClick={[Function]}
        >
          Submit
        </Component>
        <div />
      </div>
    </div>
  </Bullseye>
</Fragment>
`;
