// Jest Snapshot v1, https://goo.gl/fbAQLP

exports[`ProductDetails tests should render ProductDetails component 1`] = `
<Fragment>
  <div
    className="app-container"
  >
    <Breadcrumb>
      <BreadcrumbItem>
        <a
          href="#/products"
        >
          All Products
        </a>
      </BreadcrumbItem>
      <BreadcrumbItem
        isActive={true}
        to="#"
      >
        Product Details
      </BreadcrumbItem>
    </Breadcrumb>
  </div>
  <br />
  <div>
    <Form>
      <div
        className="pant-form-width-md"
      >
        <FormGroup
          fieldId="new_version_name"
          isRequired={true}
          label="New Version:"
        >
          <ForwardRef
            id="new_version_name_text"
            onChange={[Function]}
            placeholder="New version name"
            type="text"
            value=""
          />
        </FormGroup>
        <br />
        <FormGroup
          fieldId="url_fragment"
          isRequired={true}
          label=" URL Fragment:"
        >
          <ForwardRef
            id="url_fragment_text"
            onChange={[Function]}
            placeholder="Url fragment"
            type="text"
            value=""
          />
        </FormGroup>
      </div>
    </Form>
  </div>
</Fragment>
`;
