// Jest Snapshot v1, https://goo.gl/fbAQLP

exports[`Search tests should render default Search component 1`] = `
<Fragment>
  <Toolbar
    className="pf-m-toggle-group-container filters-bar__filters-wrapper"
    clearAllFilters={[Function]}
    collapseListedFiltersBreakpoint="xl"
    id="toolbar-with-filter"
  >
    <ToolbarContent
      isExpanded={false}
      showClearFiltersButton={false}
    >
      <ToolbarToggleGroup
        breakpoint="xl"
        toggleIcon={
          <FilterIcon
            color="currentColor"
            noVerticalAlign={false}
            size="sm"
          />
        }
      >
        <ToolbarItem
          id="filters-bar__toolbar-toggle"
        >
          <Button
            aria-expanded={true}
            icon={
              <FilterIcon
                color="currentColor"
                noVerticalAlign={false}
                size="sm"
              />
            }
            onClick={[Function]}
            variant="tertiary"
          />
        </ToolbarItem>
        <ToolbarItem>
          <InputGroup>
            <SearchInput
              aria-label="search input"
              className="filters-bar__name-search"
              id="textInput"
              name="textInput"
              onChange={[Function]}
              onClear={[Function]}
              placeholder="Find by name"
              type="search"
              value=""
            />
            <Button
              aria-label="search button for search input"
              variant="control"
            >
              <SearchIcon
                color="currentColor"
                noVerticalAlign={false}
                size="sm"
              />
            </Button>
          </InputGroup>
        </ToolbarItem>
        <ForwardRef
          variant="filter-group"
        >
          <ToolbarFilter
            categoryName="Status"
            chips={Array []}
            className="dropdown-filter filters-bar__dropdown-filter filters-bar__dropdown-filter--status"
            deleteChip={[Function]}
            deleteChipGroup={[Function]}
            showToolbarItem={true}
          >
            <Select
              aria-label="Status"
              aria-labelledby=""
              chipGroupComponent={null}
              className=""
              clearSelectionsAriaLabel="Clear all"
              createText="Create"
              customBadgeText={null}
              customContent={null}
              direction="down"
              favorites={Array []}
              favoritesLabel="Favorites"
              hasInlineFilter={false}
              inlineFilterPlaceholderText={null}
              inputIdPrefix=""
              isCreatable={false}
              isDisabled={false}
              isGrouped={false}
              isOpen={false}
              isPlain={false}
              menuAppendTo="inline"
              noResultsFoundText="No results found"
              onClear={[Function]}
              onCreateOption={[Function]}
              onFilter={null}
              onSelect={[Function]}
              onToggle={[Function]}
              ouiaSafe={true}
              placeholderText="Status"
              removeSelectionAriaLabel="Remove"
              selections={Array []}
              toggleAriaLabel="Options menu"
              toggleIcon={null}
              toggleId={null}
              typeAheadAriaLabel=""
              variant="checkbox"
              width=""
            >
              <SelectOption
                className="dropdown-filter__option dropdown-filter__option--status dropdown-filter__option--draft"
                component="button"
                index={0}
                inputId=""
                isChecked={false}
                isDisabled={false}
                isFavorite={null}
                isNoResultsOption={false}
                isPlaceholder={false}
                isSelected={false}
                key="statusDraft"
                keyHandler={[Function]}
                label="Draft"
                onClick={[Function]}
                sendRef={[Function]}
                value="draft"
              />
              <SelectOption
                className="dropdown-filter__option dropdown-filter__option--status dropdown-filter__option--published"
                component="button"
                index={0}
                inputId=""
                isChecked={false}
                isDisabled={false}
                isFavorite={null}
                isNoResultsOption={false}
                isPlaceholder={false}
                isSelected={false}
                key="statusPublished"
                keyHandler={[Function]}
                label="Published"
                onClick={[Function]}
                sendRef={[Function]}
                value="published"
              />
            </Select>
          </ToolbarFilter>
          <ToolbarFilter
            categoryName="Content Type"
            chips={Array []}
            className="dropdown-filter filters-bar__dropdown-filter filters-bar__dropdown-filter--content-type"
            deleteChip={[Function]}
            deleteChipGroup={[Function]}
            showToolbarItem={true}
          >
            <Select
              aria-label="Content Type"
              aria-labelledby=""
              chipGroupComponent={null}
              className=""
              clearSelectionsAriaLabel="Clear all"
              createText="Create"
              customBadgeText={null}
              customContent={null}
              direction="down"
              favorites={Array []}
              favoritesLabel="Favorites"
              hasInlineFilter={false}
              inlineFilterPlaceholderText={null}
              inputIdPrefix=""
              isCreatable={false}
              isDisabled={false}
              isGrouped={false}
              isOpen={false}
              isPlain={false}
              menuAppendTo="inline"
              noResultsFoundText="No results found"
              onClear={[Function]}
              onCreateOption={[Function]}
              onFilter={null}
              onSelect={[Function]}
              onToggle={[Function]}
              ouiaSafe={true}
              placeholderText="Content Type"
              removeSelectionAriaLabel="Remove"
              selections={Array []}
              toggleAriaLabel="Options menu"
              toggleIcon={null}
              toggleId={null}
              typeAheadAriaLabel=""
              variant="checkbox"
              width=""
            >
              <SelectOption
                className="dropdown-filter__option dropdown-filter__option--content-type dropdown-filter__option--concept"
                component="button"
                index={0}
                inputId=""
                isChecked={false}
                isDisabled={false}
                isFavorite={null}
                isNoResultsOption={false}
                isPlaceholder={false}
                isSelected={false}
                key="ctypeConcept"
                keyHandler={[Function]}
                label="Concept"
                onClick={[Function]}
                sendRef={[Function]}
                value="CONCEPT"
              />
              <SelectOption
                className="dropdown-filter__option dropdown-filter__option--content-type dropdown-filter__option--procedure"
                component="button"
                index={0}
                inputId=""
                isChecked={false}
                isDisabled={false}
                isFavorite={null}
                isNoResultsOption={false}
                isPlaceholder={false}
                isSelected={false}
                key="ctypeProcedure"
                keyHandler={[Function]}
                label="Procedure"
                onClick={[Function]}
                sendRef={[Function]}
                value="PROCEDURE"
              />
              <SelectOption
                className="dropdown-filter__option dropdown-filter__option--content-type dropdown-filter__option--reference"
                component="button"
                index={0}
                inputId=""
                isChecked={false}
                isDisabled={false}
                isFavorite={null}
                isNoResultsOption={false}
                isPlaceholder={false}
                isSelected={false}
                key="ctypeReference"
                keyHandler={[Function]}
                label="Reference"
                onClick={[Function]}
                sendRef={[Function]}
                value="REFERENCE"
              />
            </Select>
          </ToolbarFilter>
        </ForwardRef>
      </ToolbarToggleGroup>
      <ForwardRef
        variant="icon-button-group"
      />
    </ToolbarContent>
  </Toolbar>
  <Divider />
  <Drawer
    isExpanded={true}
    isInline={true}
    onExpand={[Function]}
    position="left"
  >
    <DrawerContent
      panelContent={
        <DrawerPanelContent
          widths={
            Object {
              "lg": "width_25",
            }
          }
        >
          <DrawerHead>
            <span
              className="pf-c-title pf-m-2xl"
              tabIndex={0}
            >
              Filters
            </span>
            <DrawerActions>
              <DrawerCloseButton
                onClick={[Function]}
              />
            </DrawerActions>
            <ExpandableSection
              className="filters-drawer filters-drawer--by-repo"
              isActive={true}
              isExpanded={true}
              onToggle={[Function]}
              toggleText="By repository"
              toggleTextCollapsed=""
              toggleTextExpanded=""
            >
              <SearchInput
                className="filters-drawer__repo-search"
                onChange={[Function]}
                onClear={[Function]}
                placeholder="Filter"
                value=""
              />
              <SimpleList
                aria-label="Repository List"
                className="repo-list-container"
              >
                <SimpleListItem
                  className="repo-list filters-drawer__repo-list"
                  component="button"
                  componentClassName=""
                  href=""
                  isCurrent={false}
                  onClick={[Function]}
                  type="button"
                >
                  <Checkbox
                    aria-label="uncontrolled checkbox"
                    className=""
                    id=""
                    isChecked={false}
                    isDisabled={false}
                    isValid={true}
                    label=""
                    onChange={[Function]}
                  />
                </SimpleListItem>
              </SimpleList>
            </ExpandableSection>
            <br />
            <ExpandableSection
              className="filters-drawer filters-drawer--by-product"
              isActive={true}
              isExpanded={true}
              onToggle={[Function]}
              toggleText="By product"
              toggleTextCollapsed=""
              toggleTextExpanded=""
            >
              <SearchInput
                className="filters-drawer__product-search"
                onChange={[Function]}
                onClear={[Function]}
                placeholder="Filter"
                value=""
              />
              <SimpleList
                aria-label="Product List"
                className="product-list-container"
              >
                <SimpleListItem
                  className="product-list filters-drawer__product-list"
                  component="button"
                  componentClassName=""
                  href=""
                  isCurrent={false}
                  onClick={[Function]}
                  type="button"
                >
                  <Checkbox
                    aria-label="uncontrolled checkbox"
                    className=""
                    id=""
                    isChecked={false}
                    isDisabled={false}
                    isValid={true}
                    label=""
                    onChange={[Function]}
                  />
                </SimpleListItem>
              </SimpleList>
            </ExpandableSection>
          </DrawerHead>
        </DrawerPanelContent>
      }
      width="width_50"
    >
      <DrawerContentBody
        className="search-results"
        width="width_50"
      >
        <ExpandableSection
          className="pf-c-title search-results__section search-results__section--module"
          isActive={true}
          isExpanded={true}
          onToggle={[Function]}
          toggleText="Modules"
          toggleTextCollapsed=""
          toggleTextExpanded=""
        >
          <SearchResults
            contentType="module"
            filters={
              Object {
                "ctype": Array [],
                "status": Array [],
              }
            }
            keyWord=""
            productsSelected={Array []}
            repositoriesSelected={Array []}
            userAuthenticated={true}
          />
        </ExpandableSection>
        <br />
        <ExpandableSection
          className="pf-c-title search-results__section search-results__section--assembly"
          isActive={true}
          isExpanded={true}
          onToggle={[Function]}
          toggleText="Assemblies"
          toggleTextCollapsed=""
          toggleTextExpanded=""
        >
          <SearchResults
            contentType="assembly"
            filters={
              Object {
                "ctype": Array [],
                "status": Array [],
              }
            }
            keyWord=""
            productsSelected={Array []}
            repositoriesSelected={Array []}
            userAuthenticated={true}
          />
        </ExpandableSection>
      </DrawerContentBody>
    </DrawerContent>
  </Drawer>
  <BuildInfo />
</Fragment>
`;
