// Jest Snapshot v1, https://goo.gl/fbAQLP

exports[`User tests should render User component 1`] = `
<Fragment>
  <Dropdown
    dropdownItems={
      Array [
        <DropdownItem
          href="/pantheon/docs/assemblies/assembly-pantheon-help.html"
          target="_blank"
        >
          User Guide
        </DropdownItem>,
        <DropdownItem
          href="https://github.com/redhataccess/pantheon"
          target="_blank"
        >
          Contribute to Pantheon
        </DropdownItem>,
      ]
    }
    isOpen={false}
    isPlain={true}
    onSelect={[Function]}
    position="right"
    toggle={
      <DropdownToggle
        onToggle={[Function]}
        toggleIndicator={null}
      >
        <HelpIcon
          color="currentColor"
          noVerticalAlign={false}
          size="sm"
        />
      </DropdownToggle>
    }
  />
  <a
    className="p2-header__login"
    href="/system/sling/logout"
    onClick={[Function]}
  >
    [demo]
  </a>
</Fragment>
`;

exports[`User tests test componentDidMount function 1`] = `[Function]`;

exports[`User tests test conditionalRedirect function 1`] = `undefined`;

exports[`User tests test render function 1`] = `[Function]`;
