// Jest Snapshot v1, https://goo.gl/fbAQLP

exports[`User tests should render User component 1`] = `
<Fragment>
  <Modal
    actions={
      Array [
        <Button
          onClick={[Function]}
        >
          OK
        </Button>,
      ]
    }
    appendTo={<body />}
    aria-describedby=""
    aria-label=""
    aria-labelledby=""
    className=""
    hasNoBodyWrapper={false}
    isOpen={false}
    onClose={[Function]}
    ouiaSafe={true}
    showClose={true}
    title="Placeholder dialog"
    variant="default"
    width="60%"
  >
    This feature has not yet been implemented.
  </Modal>
  <Dropdown
    dropdownItems={
      Array [
        <DropdownItem
          onClick={[Function]}
        >
          Help
        </DropdownItem>,
        <DropdownItem
          href="https://github.com/redhataccess/pantheon"
          target="_blank"
        >
          Contribute to Pantheon
        </DropdownItem>,
      ]
    }
    isOpen={false}
    isPlain={true}
    onSelect={[Function]}
    position="right"
    toggle={
      <DropdownToggle
        onToggle={[Function]}
        toggleIndicator={null}
      >
        <HelpIcon
          color="currentColor"
          noVerticalAlign={false}
          size="sm"
        />
      </DropdownToggle>
    }
  />
  <Link
    className="p2-header__login"
    onClick={[Function]}
    to=""
  >
    Log Out [demo]
  </Link>
</Fragment>
`;

exports[`User tests test componentDidMount function 1`] = `[Function]`;

exports[`User tests test conditionalRedirect function 1`] = `undefined`;

exports[`User tests test render function 1`] = `[Function]`;
